EAC 展開 ログファイル 日付： 15. 8月 2009, 21:42 for CD
-45 / アムリタ [Disc2]

使用ドライブ  : HL-DT-STDVDRAM GH22NS40   Adapter: 4  ID: 0
読み込みモード   : セキュア（C2 : YES / 正確なデータ転送力 : YES / キャッシュ無効 : NO）
読み込みオフセット訂正値 : 52
リードインとリードアウトをオーバーリードする : No

使用出力フォーマット : C:\Program Files\flacencode\bin\Takc.exe   (ユーザー定義 エンコーダー)
                     320 kBit/s
                     追加コマンドラインオプション : -e -p2 -v %s %d

その他のオプション      : 
    消失したオフセットサンプルを無音に置き換える : Yes
    曲の先頭と末尾の無音部を削除する : No
    標準 Win32 の Win NT & 2000 用


展開範囲ステータスとエラー
選択された範囲
     ファイル名 C:\DVAC-0002.wav

     ピークレベル 100.0 %
     選択範囲品質 100.0 %
     CRC 241ED9FA
     コピー OK

エラーは検出されませんでした

ステータスの報告終了
