Exact Audio Copy V0.99 prebeta 3 from 28. July 2007

EAC extraction logfile from 3. September 2010, 14:37

D'va;;;;;;;;5 / タイタニア

Used drive  : Optiarc DVD RW AD-7910S   Adapter: 0  ID: 1

Read mode               : Secure
Utilize accurate stream : Yes
Defeat audio cache      : Yes
Make use of C2 pointers : No

Read offset correction                      : 48
Overread into Lead-In and Lead-Out          : No
Fill up missing offset samples with silence : Yes
Delete leading and trailing silent blocks   : No
Null samples used in CRC calculations       : No
Used interface                              : Native Win32 interface for Win NT & 2000

Used output format : Internal WAV Routines
Sample format      : 44.100 Hz; 16 Bit; Stereo


TOC of the extracted CD

     Track |   Start  |  Length  | Start sector | End sector 
    ---------------------------------------------------------
        1  |  0:00.00 |  4:24.71 |         0    |    19870   
        2  |  4:24.71 |  4:05.19 |     19871    |    38264   
        3  |  8:30.15 |  4:04.05 |     38265    |    56569   
        4  | 12:34.20 |  2:44.19 |     56570    |    68888   
        5  | 15:18.39 |  5:01.73 |     68889    |    91536   
        6  | 20:20.37 |  4:09.28 |     91537    |   110239   
        7  | 24:29.65 |  3:35.58 |    110240    |   126422   
        8  | 28:05.48 |  3:14.05 |    126423    |   140977   
        9  | 31:19.53 |  4:32.04 |    140978    |   161381   
       10  | 35:51.57 |  3:11.39 |    161382    |   175745   
       11  | 39:03.21 |  5:36.26 |    175746    |   200971   
       12  | 44:39.47 |  4:28.62 |    200972    |   221133   


Range status and errors

Selected range

     Filename M:\CDImage.wav

     Peak level 100.0 %
     Range quality 100.0 %
     Copy CRC 30900786
     Copy OK

No errors occurred

End of status report
