Exact Audio Copy V1.3 from 2. September 2016

EAC extraction logfile from 25. July 2019, 15:55

Various / マリスコール

Used drive  : HL-DT-STBD-RE  BH16NS40   Adapter: 1  ID: 1

Read mode               : Secure
Utilize accurate stream : Yes
Defeat audio cache      : Yes
Make use of C2 pointers : No

Read offset correction                      : 6
Overread into Lead-In and Lead-Out          : No
Fill up missing offset samples with silence : Yes
Delete leading and trailing silent blocks   : No
Null samples used in CRC calculations       : Yes
Used interface                              : Native Win32 interface for Win NT & 2000
Gap handling                                : Appended to previous track

Used output format              : User Defined Encoder
Selected bitrate                : 1024 kBit/s
Quality                         : High
Add ID3 tag                     : No
Command line compressor         : C:\Program Files (x86)\FLAC Frontend\tools\flac.exe
Additional command line options : -8 -V -T "ARTIST=%artist%" -T "TITLE=%title%" -T "ALBUM=%albumtitle%" -T "DATE=%year%" -T "TRACKNUMBER=%tracknr%" -T "GENRE=%genre%" -T "PERFORMER=%albuminterpret%" -T "COMPOSER=%composer%" %haslyrics%--tag-from-file=LYRICS="%lyricsfile%"%haslyrics% -T "ALBUMARTIST=%albumartist%" -T "DISCNUMBER=%cdnumber%" -T "TOTALDISCS=%totalcds%" -T "TOTALTRACKS=%numtracks%" -T "COMMENT=%comment%" %source% -o %dest%


TOC of the extracted CD

     Track |   Start  |  Length  | Start sector | End sector 
    ---------------------------------------------------------
        1  |  0:00.00 |  2:01.04 |         0    |     9078   
        2  |  2:01.04 |  5:18.32 |      9079    |    32960   
        3  |  7:19.36 |  5:29.61 |     32961    |    57696   
        4  | 12:49.22 |  4:16.64 |     57697    |    76960   
        5  | 17:06.11 |  5:41.08 |     76961    |   102543   
        6  | 22:47.19 |  5:26.02 |    102544    |   126995   
        7  | 28:13.21 |  4:28.49 |    126996    |   147144   
        8  | 32:41.70 |  3:58.35 |    147145    |   165029   
        9  | 36:40.30 |  4:26.17 |    165030    |   184996   
       10  | 41:06.47 |  4:38.74 |    184997    |   205920   
       11  | 45:45.46 |  6:20.43 |    205921    |   234463   


Track  1

     Filename F:\[EAC Rips]\[D'va;;;;;;;;5]\[2014.12.30] {DVAC-0004} マリスコール\01. -45 - マリスコール.wav

     Pre-gap length  0:00:02.00

     Peak level 98.5 %
     Extraction speed 2.8 X
     Track quality 100.0 %
     Test CRC C68D3E23
     Copy CRC C68D3E23
     Accurately ripped (confidence 1)  [D7870468]  (AR v2)
     Copy OK

Track  2

     Filename F:\[EAC Rips]\[D'va;;;;;;;;5]\[2014.12.30] {DVAC-0004} マリスコール\02. Team Grimoire - 牢獄STRIP（Grimoire crossbreed rmx）.wav

     Pre-gap length  0:00:02.00

     Peak level 100.0 %
     Extraction speed 3.5 X
     Track quality 100.0 %
     Test CRC 27D3897D
     Copy CRC 27D3897D
     Accurately ripped (confidence 1)  [0982396B]  (AR v2)
     Copy OK

Track  3

     Filename F:\[EAC Rips]\[D'va;;;;;;;;5]\[2014.12.30] {DVAC-0004} マリスコール\03. -45 - 新月舞踏 - blue twilight mix -.wav

     Pre-gap length  0:00:02.00

     Peak level 100.0 %
     Extraction speed 1.4 X
     Track quality 100.0 %
     Test CRC C831EFF6
     Copy CRC C831EFF6
     Accurately ripped (confidence 1)  [B0FF00CF]  (AR v2)
     Copy OK

Track  4

     Filename F:\[EAC Rips]\[D'va;;;;;;;;5]\[2014.12.30] {DVAC-0004} マリスコール\04. -45 - Millarca.wav

     Pre-gap length  0:00:02.00

     Peak level 95.7 %
     Extraction speed 1.4 X
     Track quality 100.0 %
     Test CRC FFA4492B
     Copy CRC FFA4492B
     Accurately ripped (confidence 1)  [EB7EB13C]  (AR v2)
     Copy OK

Track  5

     Filename F:\[EAC Rips]\[D'va;;;;;;;;5]\[2014.12.30] {DVAC-0004} マリスコール\05. -45 - APPLAUSE(Blue).wav

     Pre-gap length  0:00:02.00

     Peak level 100.0 %
     Extraction speed 1.6 X
     Track quality 100.0 %
     Test CRC C90EE278
     Copy CRC C90EE278
     Accurately ripped (confidence 1)  [285FACDA]  (AR v2)
     Copy OK

Track  6

     Filename F:\[EAC Rips]\[D'va;;;;;;;;5]\[2014.12.30] {DVAC-0004} マリスコール\06. maki - 哀煉の人形 - last embrace mix -.wav

     Pre-gap length  0:00:02.00

     Peak level 100.0 %
     Extraction speed 1.5 X
     Track quality 99.9 %
     Test CRC 82688D69
     Copy CRC 82688D69
     Accurately ripped (confidence 1)  [D797D399]  (AR v2)
     Copy OK

Track  7

     Filename F:\[EAC Rips]\[D'va;;;;;;;;5]\[2014.12.30] {DVAC-0004} マリスコール\07. -45 - ダンスインザライト.wav

     Pre-gap length  0:00:02.00

     Peak level 98.1 %
     Extraction speed 1.7 X
     Track quality 100.0 %
     Test CRC 32CEDF7F
     Copy CRC 32CEDF7F
     Accurately ripped (confidence 1)  [7DEA40B4]  (AR v2)
     Copy OK

Track  8

     Filename F:\[EAC Rips]\[D'va;;;;;;;;5]\[2014.12.30] {DVAC-0004} マリスコール\08. -45 - チルドレンオブユダ.wav

     Pre-gap length  0:00:02.00

     Peak level 98.4 %
     Extraction speed 1.8 X
     Track quality 100.0 %
     Test CRC EC666AA6
     Copy CRC EC666AA6
     Accurately ripped (confidence 1)  [ED4A591E]  (AR v2)
     Copy OK

Track  9

     Filename F:\[EAC Rips]\[D'va;;;;;;;;5]\[2014.12.30] {DVAC-0004} マリスコール\09. Riz - エピック・カンタータ 「あかいくつ偽」.wav

     Pre-gap length  0:00:02.00

     Peak level 100.0 %
     Extraction speed 1.7 X
     Track quality 99.9 %
     Test CRC 9BD308C5
     Copy CRC 9BD308C5
     Accurately ripped (confidence 1)  [67E67CF9]  (AR v2)
     Copy OK

Track 10

     Filename F:\[EAC Rips]\[D'va;;;;;;;;5]\[2014.12.30] {DVAC-0004} マリスコール\10. -45 - Xna.wav

     Pre-gap length  0:00:02.00

     Peak level 99.1 %
     Extraction speed 2.0 X
     Track quality 100.0 %
     Test CRC DF3B4B3A
     Copy CRC DF3B4B3A
     Accurately ripped (confidence 1)  [55945D3F]  (AR v2)
     Copy OK

Track 11

     Filename F:\[EAC Rips]\[D'va;;;;;;;;5]\[2014.12.30] {DVAC-0004} マリスコール\11. -45 - Carmilla.wav

     Pre-gap length  0:00:02.00

     Peak level 96.1 %
     Extraction speed 2.1 X
     Track quality 100.0 %
     Test CRC AF5CAAE6
     Copy CRC AF5CAAE6
     Accurately ripped (confidence 1)  [E233584B]  (AR v2)
     Copy OK


All tracks accurately ripped

No errors occurred

End of status report

---- CUETools DB Plugin V2.1.6

[CTDB TOCID: .U0cW1yrIej5XtyuomOxXo9ngUw-] found
Submit result: .U0cW1yrIej5XtyuomOxXo9ngUw- has been confirmed
Track | CTDB Status
  1   | (5/5) Accurately ripped
  2   | (5/5) Accurately ripped
  3   | (5/5) Accurately ripped
  4   | (5/5) Accurately ripped
  5   | (5/5) Accurately ripped
  6   | (5/5) Accurately ripped
  7   | (5/5) Accurately ripped
  8   | (5/5) Accurately ripped
  9   | (5/5) Accurately ripped
 10   | (5/5) Accurately ripped
 11   | (5/5) Accurately ripped


==== Log checksum 5DA38E86095735AEF362F596135EC656A8AC9850C8801CE7908C0AA585507B8F ====
