EAC 取り込みログファイル 日付 : 2. 1月 2008, 11:18 for CD
Various / ざくろ

使用ドライブ   : PIONEER DVD-RW  DVR-212L   Adapter: 5  ID: 0
読み込みモード : セキュアモード (C2エラー訂正無し, 正確なデータ転送能力有り, キャッシュ無効)
読み込み・書き込みサンプルオフセット訂正値 : 18
リードイン・リードアウトをオーバーリードする : いいえ

使用出力モード : C:\Program Files\ttaenc\ttaenc.exe   (ユーザー定義のエンコーダ)
                     320 kBit/s
                     追加コマンドラインオプション : %s -e -o %d
                     使用したエンコードオフセットの値 : 0

その他のオプション : 
    欠落したオフセットサンプルを無音で補完する : はい
    曲の先頭と末端の無音領域を削除する : いいえ
    Win NT & 2000用のクラスドライバ


範囲取り込みステータス & エラー
選択された範囲
     ファイル名 C:\ざくろ.wav

     ピークレベル 100.0 %
     範囲取り込み品質 100.0 %
     CRC 0DED17AC
     コピー OK

エラーは発生しませんでした

ステータス報告完了
